Run started:2026-09-23 23:03:18.969572+00:00

Test results:
	No issues identified.

Code scanned:
	Total lines of code: 5211
	Total lines skipped (#nosec): 0
	Total potential issues skipped due to specifically being disabled (e.g., #nosec BXXX): 1

Run metrics:
	Total issues (by severity):
		Undefined: 0
		Low: 6
		Medium: 0
		High: 0
	Total issues (by confidence):
		Undefined: 0
		Low: 0
		Medium: 4
		High: 2
Files skipped (0):
[main]	INFO	profile include tests: None
[main]	INFO	profile exclude tests: None
[main]	INFO	cli include tests: None
[main]	INFO	cli exclude tests: None
[main]	INFO	running on Python 3.12.3
[manager]	WARNING	Test in comment: token is not a test name or id, ignoring
[manager]	WARNING	Test in comment: shape is not a test name or id, ignoring
[manager]	WARNING	Test in comment: not is not a test name or id, ignoring
[manager]	WARNING	Test in comment: a is not a test name or id, ignoring
[manager]	WARNING	Test in comment: credential is not a test name or id, ignoring
