FAIL: v4.0.3-1.1.1: release assessment incomplete
FAIL: v4.0.3-1.1.4: release assessment incomplete
FAIL: v4.0.3-1.1.5: release assessment incomplete
FAIL: v4.0.3-1.1.6: release assessment incomplete
FAIL: v4.0.3-1.2.1: release assessment incomplete
FAIL: v4.0.3-1.2.3: release assessment incomplete
FAIL: v4.0.3-1.2.4: release assessment incomplete
FAIL: v4.0.3-1.4.1: release assessment incomplete
FAIL: v4.0.3-1.4.4: release assessment incomplete
FAIL: v4.0.3-1.4.5: release assessment incomplete
FAIL: v4.0.3-1.5.1: release assessment incomplete
FAIL: v4.0.3-1.5.2: release assessment incomplete
FAIL: v4.0.3-1.5.3: release assessment incomplete
FAIL: v4.0.3-1.5.4: release assessment incomplete
FAIL: v4.0.3-1.6.3: release assessment incomplete
FAIL: v4.0.3-1.6.4: release assessment incomplete
FAIL: v4.0.3-1.7.1: release assessment incomplete
FAIL: v4.0.3-1.8.1: release assessment incomplete
FAIL: v4.0.3-1.11.1: release assessment incomplete
FAIL: v4.0.3-1.11.2: release assessment incomplete
FAIL: v4.0.3-1.12.2: release assessment incomplete
FAIL: v4.0.3-1.14.1: release assessment incomplete
FAIL: v4.0.3-1.14.2: release assessment incomplete
FAIL: v4.0.3-1.14.3: release assessment incomplete
FAIL: v4.0.3-1.14.4: release assessment incomplete
FAIL: v4.0.3-1.14.5: release assessment incomplete
FAIL: v4.0.3-1.14.6: release assessment incomplete
FAIL: v4.0.3-2.1.2: release assessment incomplete
FAIL: v4.0.3-2.1.4: release assessment incomplete
FAIL: v4.0.3-2.1.7: release assessment incomplete
FAIL: v4.0.3-2.1.8: release assessment incomplete
FAIL: v4.0.3-2.1.9: release assessment incomplete
FAIL: v4.0.3-2.1.10: release assessment incomplete
FAIL: v4.0.3-2.1.11: release assessment incomplete
FAIL: v4.0.3-2.1.12: release assessment incomplete
FAIL: v4.0.3-2.2.1: release assessment incomplete
FAIL: v4.0.3-2.2.2: release assessment incomplete
FAIL: v4.0.3-2.2.4: release assessment incomplete
FAIL: v4.0.3-2.3.1: release assessment incomplete
FAIL: v4.0.3-2.3.3: release assessment incomplete
FAIL: v4.0.3-2.4.1: release assessment incomplete
FAIL: v4.0.3-2.4.2: release assessment incomplete
FAIL: v4.0.3-2.4.3: release assessment incomplete
FAIL: v4.0.3-2.4.4: release assessment incomplete
FAIL: v4.0.3-2.5.1: release assessment incomplete
FAIL: v4.0.3-2.5.2: release assessment incomplete
FAIL: v4.0.3-2.5.3: release assessment incomplete
FAIL: v4.0.3-2.5.4: release assessment incomplete
FAIL: v4.0.3-2.5.6: release assessment incomplete
FAIL: v4.0.3-2.5.7: release assessment incomplete
FAIL: v4.0.3-2.6.1: release assessment incomplete
FAIL: v4.0.3-2.6.2: release assessment incomplete
FAIL: v4.0.3-2.6.3: release assessment incomplete
FAIL: v4.0.3-2.7.1: release assessment incomplete
FAIL: v4.0.3-2.7.2: release assessment incomplete
FAIL: v4.0.3-2.7.3: release assessment incomplete
FAIL: v4.0.3-2.7.4: release assessment incomplete
FAIL: v4.0.3-2.7.5: release assessment incomplete
FAIL: v4.0.3-2.7.6: release assessment incomplete
FAIL: v4.0.3-2.8.1: release assessment incomplete
FAIL: v4.0.3-2.8.2: release assessment incomplete
FAIL: v4.0.3-2.8.3: release assessment incomplete
FAIL: v4.0.3-2.8.4: release assessment incomplete
FAIL: v4.0.3-2.8.5: release assessment incomplete
FAIL: v4.0.3-2.8.6: release assessment incomplete
FAIL: v4.0.3-2.9.1: release assessment incomplete
FAIL: v4.0.3-2.9.2: release assessment incomplete
FAIL: v4.0.3-2.9.3: release assessment incomplete
FAIL: v4.0.3-3.1.1: release assessment incomplete
FAIL: v4.0.3-3.2.1: release assessment incomplete
FAIL: v4.0.3-3.2.2: release assessment incomplete
FAIL: v4.0.3-3.2.3: release assessment incomplete
FAIL: v4.0.3-3.2.4: release assessment incomplete
FAIL: v4.0.3-3.3.1: release assessment incomplete
FAIL: v4.0.3-3.3.3: release assessment incomplete
FAIL: v4.0.3-3.4.1: release assessment incomplete
FAIL: v4.0.3-3.4.2: release assessment incomplete
FAIL: v4.0.3-3.4.3: release assessment incomplete
FAIL: v4.0.3-3.4.5: release assessment incomplete
FAIL: v4.0.3-3.5.1: release assessment incomplete
FAIL: v4.0.3-3.5.2: release assessment incomplete
FAIL: v4.0.3-3.5.3: release assessment incomplete
FAIL: v4.0.3-3.7.1: release assessment incomplete
FAIL: v4.0.3-4.1.1: release assessment incomplete
FAIL: v4.0.3-4.1.2: release assessment incomplete
FAIL: v4.0.3-4.1.3: release assessment incomplete
FAIL: v4.0.3-4.1.5: release assessment incomplete
FAIL: v4.0.3-4.2.1: release assessment incomplete
FAIL: v4.0.3-4.2.2: release assessment incomplete
FAIL: v4.0.3-4.3.1: release assessment incomplete
FAIL: v4.0.3-4.3.2: release assessment incomplete
FAIL: v4.0.3-5.1.1: release assessment incomplete
FAIL: v4.0.3-5.1.2: release assessment incomplete
FAIL: v4.0.3-5.1.3: release assessment incomplete
FAIL: v4.0.3-5.1.4: release assessment incomplete
FAIL: v4.0.3-5.1.5: release assessment incomplete
FAIL: v4.0.3-5.2.1: release assessment incomplete
FAIL: v4.0.3-5.2.2: release assessment incomplete
FAIL: v4.0.3-5.2.3: release assessment incomplete
FAIL: v4.0.3-5.2.4: release assessment incomplete
FAIL: v4.0.3-5.2.5: release assessment incomplete
FAIL: v4.0.3-5.2.7: release assessment incomplete
FAIL: v4.0.3-5.2.8: release assessment incomplete
FAIL: v4.0.3-5.3.1: release assessment incomplete
FAIL: v4.0.3-5.3.2: release assessment incomplete
FAIL: v4.0.3-5.3.3: release assessment incomplete
FAIL: v4.0.3-5.3.4: release assessment incomplete
FAIL: v4.0.3-5.3.5: release assessment incomplete
FAIL: v4.0.3-5.3.6: release assessment incomplete
FAIL: v4.0.3-5.3.7: release assessment incomplete
FAIL: v4.0.3-5.3.8: release assessment incomplete
FAIL: v4.0.3-5.3.9: release assessment incomplete
FAIL: v4.0.3-5.3.10: release assessment incomplete
FAIL: v4.0.3-5.4.1: release assessment incomplete
FAIL: v4.0.3-5.4.2: release assessment incomplete
FAIL: v4.0.3-5.4.3: release assessment incomplete
FAIL: v4.0.3-5.5.1: release assessment incomplete
FAIL: v4.0.3-5.5.2: release assessment incomplete
FAIL: v4.0.3-5.5.3: release assessment incomplete
FAIL: v4.0.3-5.5.4: release assessment incomplete
FAIL: v4.0.3-6.1.2: release assessment incomplete
FAIL: v4.0.3-6.1.3: release assessment incomplete
FAIL: v4.0.3-6.2.1: release assessment incomplete
FAIL: v4.0.3-6.2.2: release assessment incomplete
FAIL: v4.0.3-6.2.3: release assessment incomplete
FAIL: v4.0.3-6.2.4: release assessment incomplete
FAIL: v4.0.3-6.2.5: release assessment incomplete
FAIL: v4.0.3-6.2.6: release assessment incomplete
FAIL: v4.0.3-6.3.1: release assessment incomplete
FAIL: v4.0.3-6.3.2: release assessment incomplete
FAIL: v4.0.3-7.1.1: release assessment incomplete
FAIL: v4.0.3-7.1.2: release assessment incomplete
FAIL: v4.0.3-7.1.3: release assessment incomplete
FAIL: v4.0.3-7.1.4: release assessment incomplete
FAIL: v4.0.3-7.2.1: release assessment incomplete
FAIL: v4.0.3-7.2.2: release assessment incomplete
FAIL: v4.0.3-7.3.1: release assessment incomplete
FAIL: v4.0.3-7.4.1: release assessment incomplete
FAIL: v4.0.3-7.4.2: release assessment incomplete
FAIL: v4.0.3-7.4.3: release assessment incomplete
FAIL: v4.0.3-8.1.1: release assessment incomplete
FAIL: v4.0.3-8.1.2: release assessment incomplete
FAIL: v4.0.3-8.1.3: release assessment incomplete
FAIL: v4.0.3-8.1.5: release assessment incomplete
FAIL: v4.0.3-8.1.6: release assessment incomplete
FAIL: v4.0.3-8.2.1: release assessment incomplete
FAIL: v4.0.3-8.2.2: release assessment incomplete
FAIL: v4.0.3-8.2.3: release assessment incomplete
FAIL: v4.0.3-8.3.1: release assessment incomplete
FAIL: v4.0.3-8.3.2: release assessment incomplete
FAIL: v4.0.3-8.3.4: release assessment incomplete
FAIL: v4.0.3-8.3.5: release assessment incomplete
FAIL: v4.0.3-9.1.1: release assessment incomplete
FAIL: v4.0.3-9.1.2: release assessment incomplete
FAIL: v4.0.3-9.1.3: release assessment incomplete
FAIL: v4.0.3-9.2.4: release assessment incomplete
FAIL: v4.0.3-10.2.1: release assessment incomplete
FAIL: v4.0.3-10.2.2: release assessment incomplete
FAIL: v4.0.3-10.3.1: release assessment incomplete
FAIL: v4.0.3-10.3.2: release assessment incomplete
FAIL: v4.0.3-10.3.3: release assessment incomplete
FAIL: v4.0.3-11.1.1: release assessment incomplete
FAIL: v4.0.3-11.1.2: release assessment incomplete
FAIL: v4.0.3-11.1.3: release assessment incomplete
FAIL: v4.0.3-11.1.4: release assessment incomplete
FAIL: v4.0.3-11.1.5: release assessment incomplete
FAIL: v4.0.3-11.1.6: release assessment incomplete
FAIL: v4.0.3-12.1.1: release assessment incomplete
FAIL: v4.0.3-12.1.2: release assessment incomplete
FAIL: v4.0.3-12.1.3: release assessment incomplete
FAIL: v4.0.3-12.2.1: release assessment incomplete
FAIL: v4.0.3-12.3.2: release assessment incomplete
FAIL: v4.0.3-12.3.3: release assessment incomplete
FAIL: v4.0.3-12.3.4: release assessment incomplete
FAIL: v4.0.3-12.3.5: release assessment incomplete
FAIL: v4.0.3-12.3.6: release assessment incomplete
FAIL: v4.0.3-12.4.1: release assessment incomplete
FAIL: v4.0.3-12.5.1: release assessment incomplete
FAIL: v4.0.3-12.5.2: release assessment incomplete
FAIL: v4.0.3-12.6.1: release assessment incomplete
FAIL: v4.0.3-13.1.1: release assessment incomplete
FAIL: v4.0.3-13.1.4: release assessment incomplete
FAIL: v4.0.3-13.1.5: release assessment incomplete
FAIL: v4.0.3-13.2.1: release assessment incomplete
FAIL: v4.0.3-13.2.2: release assessment incomplete
FAIL: v4.0.3-13.2.3: release assessment incomplete
FAIL: v4.0.3-13.2.5: release assessment incomplete
FAIL: v4.0.3-13.2.6: release assessment incomplete
FAIL: v4.0.3-13.3.1: release assessment incomplete
FAIL: v4.0.3-13.3.2: release assessment incomplete
FAIL: v4.0.3-13.4.1: release assessment incomplete
FAIL: v4.0.3-13.4.2: release assessment incomplete
FAIL: v4.0.3-14.1.1: release assessment incomplete
FAIL: v4.0.3-14.1.2: release assessment incomplete
FAIL: v4.0.3-14.1.3: release assessment incomplete
FAIL: v4.0.3-14.1.4: release assessment incomplete
FAIL: v4.0.3-14.2.1: release assessment incomplete
FAIL: v4.0.3-14.2.2: release assessment incomplete
FAIL: v4.0.3-14.2.3: release assessment incomplete
FAIL: v4.0.3-14.2.4: release assessment incomplete
FAIL: v4.0.3-14.2.5: release assessment incomplete
FAIL: v4.0.3-14.3.2: release assessment incomplete
FAIL: v4.0.3-14.3.3: release assessment incomplete
FAIL: v4.0.3-14.4.1: release assessment incomplete
FAIL: v4.0.3-14.4.2: release assessment incomplete
FAIL: v4.0.3-14.4.3: release assessment incomplete
FAIL: v4.0.3-14.4.4: release assessment incomplete
FAIL: v4.0.3-14.4.5: release assessment incomplete
FAIL: v4.0.3-14.4.6: release assessment incomplete
FAIL: v4.0.3-14.4.7: release assessment incomplete
FAIL: v4.0.3-14.5.1: release assessment incomplete
FAIL: v4.0.3-14.5.2: release assessment incomplete
FAIL: v4.0.3-14.5.3: release assessment incomplete
FAIL: v4.0.3-14.5.4: release assessment incomplete
FAIL: v5.0.0-1.1.1: release assessment incomplete
FAIL: v5.0.0-1.1.2: release assessment incomplete
FAIL: v5.0.0-1.2.1: release assessment incomplete
FAIL: v5.0.0-1.2.2: release assessment incomplete
FAIL: v5.0.0-1.2.3: release assessment incomplete
FAIL: v5.0.0-1.2.4: release assessment incomplete
FAIL: v5.0.0-1.2.5: release assessment incomplete
FAIL: v5.0.0-1.2.9: release assessment incomplete
FAIL: v5.0.0-1.3.2: release assessment incomplete
FAIL: v5.0.0-1.3.3: release assessment incomplete
FAIL: v5.0.0-1.3.4: release assessment incomplete
FAIL: v5.0.0-1.3.5: release assessment incomplete
FAIL: v5.0.0-1.3.7: release assessment incomplete
FAIL: v5.0.0-1.3.10: release assessment incomplete
FAIL: v5.0.0-1.4.1: release assessment incomplete
FAIL: v5.0.0-1.4.2: release assessment incomplete
FAIL: v5.0.0-1.4.3: release assessment incomplete
FAIL: v5.0.0-1.5.2: release assessment incomplete
FAIL: v5.0.0-2.1.1: release assessment incomplete
FAIL: v5.0.0-2.1.2: release assessment incomplete
FAIL: v5.0.0-2.1.3: release assessment incomplete
FAIL: v5.0.0-2.2.1: release assessment incomplete
FAIL: v5.0.0-2.2.2: release assessment incomplete
FAIL: v5.0.0-2.2.3: release assessment incomplete
FAIL: v5.0.0-2.3.1: release assessment incomplete
FAIL: v5.0.0-2.3.2: release assessment incomplete
FAIL: v5.0.0-2.3.3: release assessment incomplete
FAIL: v5.0.0-2.3.4: release assessment incomplete
FAIL: v5.0.0-2.4.1: release assessment incomplete
FAIL: v5.0.0-3.2.1: release assessment incomplete
FAIL: v5.0.0-3.2.2: release assessment incomplete
FAIL: v5.0.0-3.3.2: release assessment incomplete
FAIL: v5.0.0-3.3.4: release assessment incomplete
FAIL: v5.0.0-3.4.2: release assessment incomplete
FAIL: v5.0.0-3.4.3: release assessment incomplete
FAIL: v5.0.0-3.4.5: release assessment incomplete
FAIL: v5.0.0-3.5.1: release assessment incomplete
FAIL: v5.0.0-3.5.3: release assessment incomplete
FAIL: v5.0.0-3.5.4: release assessment incomplete
FAIL: v5.0.0-3.7.1: release assessment incomplete
FAIL: v5.0.0-3.7.2: release assessment incomplete
FAIL: v5.0.0-4.1.1: release assessment incomplete
FAIL: v5.0.0-4.1.2: release assessment incomplete
FAIL: v5.0.0-4.1.3: release assessment incomplete
FAIL: v5.0.0-4.2.1: release assessment incomplete
FAIL: v5.0.0-4.3.1: release assessment incomplete
FAIL: v5.0.0-4.3.2: release assessment incomplete
FAIL: v5.0.0-4.4.1: release assessment incomplete
FAIL: v5.0.0-4.4.2: release assessment incomplete
FAIL: v5.0.0-4.4.3: release assessment incomplete
FAIL: v5.0.0-4.4.4: release assessment incomplete
FAIL: v5.0.0-5.1.1: release assessment incomplete
FAIL: v5.0.0-5.2.1: release assessment incomplete
FAIL: v5.0.0-5.3.1: release assessment incomplete
FAIL: v5.0.0-5.4.2: release assessment incomplete
FAIL: v5.0.0-6.1.1: release assessment incomplete
FAIL: v5.0.0-6.1.3: release assessment incomplete
FAIL: v5.0.0-6.2.4: release assessment incomplete
FAIL: v5.0.0-6.2.5: release assessment incomplete
FAIL: v5.0.0-6.2.7: release assessment incomplete
FAIL: v5.0.0-6.2.12: release assessment incomplete
FAIL: v5.0.0-6.3.1: release assessment incomplete
FAIL: v5.0.0-6.3.2: release assessment incomplete
FAIL: v5.0.0-6.3.4: release assessment incomplete
FAIL: v5.0.0-7.1.1: release assessment incomplete
FAIL: v5.0.0-7.2.1: release assessment incomplete
FAIL: v5.0.0-7.2.2: release assessment incomplete
FAIL: v5.0.0-7.2.3: release assessment incomplete
FAIL: v5.0.0-7.2.4: release assessment incomplete
FAIL: v5.0.0-7.4.1: release assessment incomplete
FAIL: v5.0.0-7.4.2: release assessment incomplete
FAIL: v5.0.0-7.4.3: release assessment incomplete
FAIL: v5.0.0-7.4.4: release assessment incomplete
FAIL: v5.0.0-7.4.5: release assessment incomplete
FAIL: v5.0.0-7.5.1: release assessment incomplete
FAIL: v5.0.0-7.6.2: release assessment incomplete
FAIL: v5.0.0-8.1.1: release assessment incomplete
FAIL: v5.0.0-8.1.2: release assessment incomplete
FAIL: v5.0.0-8.2.1: release assessment incomplete
FAIL: v5.0.0-8.2.2: release assessment incomplete
FAIL: v5.0.0-8.2.3: release assessment incomplete
FAIL: v5.0.0-8.3.1: release assessment incomplete
FAIL: v5.0.0-8.4.1: release assessment incomplete
FAIL: v5.0.0-9.1.1: release assessment incomplete
FAIL: v5.0.0-9.1.2: release assessment incomplete
FAIL: v5.0.0-9.1.3: release assessment incomplete
FAIL: v5.0.0-9.2.1: release assessment incomplete
FAIL: v5.0.0-9.2.2: release assessment incomplete
FAIL: v5.0.0-9.2.3: release assessment incomplete
FAIL: v5.0.0-9.2.4: release assessment incomplete
FAIL: v5.0.0-11.1.2: release assessment incomplete
FAIL: v5.0.0-11.2.1: release assessment incomplete
FAIL: v5.0.0-11.2.2: release assessment incomplete
FAIL: v5.0.0-11.2.3: release assessment incomplete
FAIL: v5.0.0-11.3.1: release assessment incomplete
FAIL: v5.0.0-11.3.2: release assessment incomplete
FAIL: v5.0.0-11.3.3: release assessment incomplete
FAIL: v5.0.0-11.4.1: release assessment incomplete
FAIL: v5.0.0-11.4.2: release assessment incomplete
FAIL: v5.0.0-11.4.3: release assessment incomplete
FAIL: v5.0.0-11.4.4: release assessment incomplete
FAIL: v5.0.0-11.5.1: release assessment incomplete
FAIL: v5.0.0-11.6.1: release assessment incomplete
FAIL: v5.0.0-12.1.1: release assessment incomplete
FAIL: v5.0.0-12.1.2: release assessment incomplete
FAIL: v5.0.0-12.2.1: release assessment incomplete
FAIL: v5.0.0-12.2.2: release assessment incomplete
FAIL: v5.0.0-12.3.2: release assessment incomplete
FAIL: v5.0.0-13.1.1: release assessment incomplete
FAIL: v5.0.0-13.2.2: release assessment incomplete
FAIL: v5.0.0-13.2.3: release assessment incomplete
FAIL: v5.0.0-13.2.4: release assessment incomplete
FAIL: v5.0.0-13.3.2: release assessment incomplete
FAIL: v5.0.0-13.4.1: release assessment incomplete
FAIL: v5.0.0-13.4.2: release assessment incomplete
FAIL: v5.0.0-13.4.3: release assessment incomplete
FAIL: v5.0.0-13.4.4: release assessment incomplete
FAIL: v5.0.0-13.4.5: release assessment incomplete
FAIL: v5.0.0-14.1.1: release assessment incomplete
FAIL: v5.0.0-14.1.2: release assessment incomplete
FAIL: v5.0.0-14.2.2: release assessment incomplete
FAIL: v5.0.0-14.2.3: release assessment incomplete
FAIL: v5.0.0-14.2.4: release assessment incomplete
FAIL: v5.0.0-14.3.2: release assessment incomplete
FAIL: v5.0.0-14.3.3: release assessment incomplete
FAIL: v5.0.0-15.1.1: release assessment incomplete
FAIL: v5.0.0-15.1.2: release assessment incomplete
FAIL: v5.0.0-15.1.3: release assessment incomplete
FAIL: v5.0.0-15.2.1: release assessment incomplete
FAIL: v5.0.0-15.2.2: release assessment incomplete
FAIL: v5.0.0-15.2.3: release assessment incomplete
FAIL: v5.0.0-15.3.1: release assessment incomplete
FAIL: v5.0.0-15.3.3: release assessment incomplete
FAIL: v5.0.0-15.3.4: release assessment incomplete
FAIL: v5.0.0-15.3.5: release assessment incomplete
FAIL: v5.0.0-15.3.6: release assessment incomplete
FAIL: v5.0.0-15.3.7: release assessment incomplete
FAIL: v5.0.0-16.1.1: release assessment incomplete
FAIL: v5.0.0-16.2.1: release assessment incomplete
FAIL: v5.0.0-16.2.3: release assessment incomplete
FAIL: v5.0.0-16.2.4: release assessment incomplete
FAIL: v5.0.0-16.3.1: release assessment incomplete
FAIL: v5.0.0-16.3.2: release assessment incomplete
FAIL: v5.0.0-16.3.3: release assessment incomplete
FAIL: v5.0.0-16.3.4: release assessment incomplete
FAIL: v5.0.0-16.4.1: release assessment incomplete
FAIL: v5.0.0-16.5.1: release assessment incomplete
FAIL: v5.0.0-16.5.2: release assessment incomplete
FAIL: v5.0.0-16.5.3: release assessment incomplete
FAIL: code-scanning:777: blocking residual risk
FAIL: code-scanning:776: blocking residual risk
FAIL: code-scanning:775: blocking residual risk
FAIL: code-scanning:774: blocking residual risk
FAIL: code-scanning:773: blocking residual risk
FAIL: code-scanning:772: blocking residual risk
FAIL: code-scanning:771: blocking residual risk
FAIL: code-scanning:770: unresolved
FAIL: code-scanning:770: blocking residual risk
FAIL: code-scanning:769: unresolved
FAIL: code-scanning:769: blocking residual risk
FAIL: code-scanning:768: unresolved
FAIL: code-scanning:768: blocking residual risk
FAIL: code-scanning:767: unresolved
FAIL: code-scanning:767: blocking residual risk
FAIL: code-scanning:761: unresolved
FAIL: code-scanning:761: blocking residual risk
FAIL: code-scanning:760: unresolved
FAIL: code-scanning:760: blocking residual risk
FAIL: code-scanning:759: unresolved
FAIL: code-scanning:759: blocking residual risk
FAIL: code-scanning:758: unresolved
FAIL: code-scanning:758: blocking residual risk
FAIL: code-scanning:438: blocking residual risk
FAIL: code-scanning:437: blocking residual risk
FAIL: code-scanning:436: blocking residual risk
FAIL: code-scanning:432: blocking residual risk
FAIL: code-scanning:431: blocking residual risk
FAIL: code-scanning:430: residual risk not accepted
FAIL: code-scanning:429: residual risk not accepted
FAIL: code-scanning:428: residual risk not accepted
FAIL: code-scanning:427: residual risk not accepted
FAIL: code-scanning:414: blocking residual risk
FAIL: code-scanning:413: blocking residual risk
FAIL: code-scanning:410: blocking residual risk
FAIL: code-scanning:408: blocking residual risk
FAIL: code-scanning:405: residual risk not accepted
FAIL: code-scanning:404: residual risk not accepted
FAIL: code-scanning:403: residual risk not accepted
FAIL: code-scanning:402: residual risk not accepted
FAIL: code-scanning:399: blocking residual risk
FAIL: code-scanning:397: blocking residual risk
FAIL: code-scanning:394: residual risk not accepted
FAIL: code-scanning:393: residual risk not accepted
FAIL: code-scanning:392: residual risk not accepted
FAIL: code-scanning:391: residual risk not accepted
FAIL: code-scanning:389: blocking residual risk
FAIL: code-scanning:388: blocking residual risk
FAIL: code-scanning:387: blocking residual risk
FAIL: code-scanning:386: blocking residual risk
FAIL: code-scanning:385: blocking residual risk
FAIL: code-scanning:384: blocking residual risk
FAIL: code-scanning:381: blocking residual risk
FAIL: code-scanning:376: blocking residual risk
FAIL: code-scanning:375: blocking residual risk
FAIL: code-scanning:371: blocking residual risk
FAIL: code-scanning:361: blocking residual risk
FAIL: code-scanning:360: blocking residual risk
FAIL: code-scanning:358: blocking residual risk
FAIL: code-scanning:323: blocking residual risk
FAIL: code-scanning:321: blocking residual risk
FAIL: code-scanning:320: blocking residual risk
FAIL: code-scanning:318: blocking residual risk
FAIL: code-scanning:316: blocking residual risk
FAIL: code-scanning:314: blocking residual risk
FAIL: code-scanning:311: residual risk not accepted
FAIL: code-scanning:310: residual risk not accepted
FAIL: code-scanning:309: residual risk not accepted
FAIL: code-scanning:308: residual risk not accepted
FAIL: code-scanning:306: blocking residual risk
FAIL: code-scanning:305: blocking residual risk
FAIL: code-scanning:303: blocking residual risk
FAIL: code-scanning:300: blocking residual risk
FAIL: code-scanning:298: blocking residual risk
FAIL: code-scanning:295: residual risk not accepted
FAIL: code-scanning:294: residual risk not accepted
FAIL: code-scanning:293: residual risk not accepted
FAIL: code-scanning:292: residual risk not accepted
FAIL: code-scanning:290: blocking residual risk
FAIL: code-scanning:289: blocking residual risk
FAIL: code-scanning:288: blocking residual risk
FAIL: code-scanning:287: blocking residual risk
FAIL: code-scanning:286: blocking residual risk
FAIL: code-scanning:281: blocking residual risk
FAIL: code-scanning:279: blocking residual risk
FAIL: code-scanning:278: blocking residual risk
FAIL: code-scanning:276: blocking residual risk
FAIL: code-scanning:273: blocking residual risk
FAIL: code-scanning:272: blocking residual risk
FAIL: code-scanning:271: blocking residual risk
FAIL: code-scanning:270: blocking residual risk
FAIL: code-scanning:269: blocking residual risk
FAIL: code-scanning:264: blocking residual risk
FAIL: code-scanning:262: blocking residual risk
FAIL: code-scanning:226: blocking residual risk
FAIL: code-scanning:224: blocking residual risk
FAIL: code-scanning:223: blocking residual risk
FAIL: code-scanning:222: blocking residual risk
FAIL: code-scanning:214: blocking residual risk
FAIL: code-scanning:212: blocking residual risk
FAIL: code-scanning:209: residual risk not accepted
FAIL: code-scanning:208: residual risk not accepted
FAIL: code-scanning:207: residual risk not accepted
FAIL: code-scanning:206: residual risk not accepted
FAIL: code-scanning:199: blocking residual risk
FAIL: code-scanning:195: blocking residual risk
FAIL: code-scanning:191: blocking residual risk
FAIL: code-scanning:187: blocking residual risk
FAIL: code-scanning:181: blocking residual risk
FAIL: code-scanning:179: blocking residual risk
FAIL: code-scanning:177: blocking residual risk
FAIL: code-scanning:175: blocking residual risk
FAIL: code-scanning:172: residual risk not accepted
FAIL: code-scanning:171: residual risk not accepted
FAIL: code-scanning:170: residual risk not accepted
FAIL: code-scanning:169: residual risk not accepted
FAIL: code-scanning:98: blocking residual risk
FAIL: code-scanning:97: blocking residual risk
FAIL: code-scanning:96: blocking residual risk
FAIL: code-scanning:95: blocking residual risk
FAIL: code-scanning:94: blocking residual risk
FAIL: code-scanning:93: blocking residual risk
FAIL: code-scanning:92: blocking residual risk
FAIL: code-scanning:91: blocking residual risk
FAIL: code-scanning:90: blocking residual risk
FAIL: code-scanning:89: blocking residual risk
FAIL: code-scanning:88: blocking residual risk
FAIL: code-scanning:87: blocking residual risk
FAIL: code-scanning:84: blocking residual risk
FAIL: code-scanning:81: blocking residual risk
FAIL: code-scanning:80: blocking residual risk
FAIL: code-scanning:79: blocking residual risk
FAIL: code-scanning:71: blocking residual risk
FAIL: code-scanning:70: blocking residual risk
FAIL: code-scanning:69: blocking residual risk
FAIL: code-scanning:68: blocking residual risk
FAIL: code-scanning:67: blocking residual risk
FAIL: code-scanning:66: blocking residual risk
FAIL: code-scanning:65: blocking residual risk
FAIL: code-scanning:64: blocking residual risk
FAIL: code-scanning:63: blocking residual risk
FAIL: code-scanning:62: blocking residual risk
FAIL: code-scanning:61: blocking residual risk
FAIL: code-scanning:60: blocking residual risk
FAIL: code-scanning:57: blocking residual risk
FAIL: code-scanning:54: blocking residual risk
FAIL: code-scanning:53: blocking residual risk
FAIL: code-scanning:52: blocking residual risk
FAIL: code-scanning:47: blocking residual risk
FAIL: code-scanning:45: blocking residual risk
FAIL: code-scanning:43: blocking residual risk
FAIL: code-scanning:40: residual risk not accepted
FAIL: code-scanning:39: residual risk not accepted
FAIL: code-scanning:38: residual risk not accepted
FAIL: code-scanning:37: residual risk not accepted
FAIL: code-scanning:35: blocking residual risk
FAIL: code-scanning:34: blocking residual risk
FAIL: code-scanning:33: blocking residual risk
FAIL: code-scanning:32: blocking residual risk
FAIL: code-scanning:20: blocking residual risk
FAIL: code-scanning:19: blocking residual risk
FAIL: code-scanning:18: blocking residual risk
FAIL: code-scanning:17: blocking residual risk
FAIL: code-scanning:16: blocking residual risk
FAIL: code-scanning:12: blocking residual risk
FAIL: code-scanning:10: blocking residual risk
FAIL: code-scanning:7: residual risk not accepted
FAIL: code-scanning:6: residual risk not accepted
FAIL: code-scanning:5: residual risk not accepted
FAIL: code-scanning:4: residual risk not accepted
FAIL: code-scanning:2: blocking residual risk
FAIL: code-scanning:1: blocking residual risk
FAIL: REV-007: blocking residual risk
FAIL: REV-008: blocking residual risk
FAIL: REV-009: residual risk not accepted
FAIL: REV-010: residual risk not accepted
FAIL: SCAN-release-b295b15864eb9019: unresolved
FAIL: SCAN-release-b295b15864eb9019: blocking residual risk
FAIL: SCAN-release-d962e33273b6091e: unresolved
FAIL: SCAN-release-d962e33273b6091e: blocking residual risk
FAIL: SCAN-release-e7aaa5def50d352b: unresolved
FAIL: SCAN-release-e7aaa5def50d352b: blocking residual risk
FAIL: SCAN-release-f298d1d2b54d66f3: unresolved
FAIL: SCAN-release-f298d1d2b54d66f3: blocking residual risk
FAIL: SCAN-release-da1ca3ebb97e420e: unresolved
FAIL: SCAN-release-da1ca3ebb97e420e: blocking residual risk
FAIL: SCAN-release-b39411d2041248fa: unresolved
FAIL: SCAN-release-b39411d2041248fa: blocking residual risk
FAIL: SCAN-release-ed8ad455ef48f607: unresolved
FAIL: SCAN-release-ed8ad455ef48f607: blocking residual risk
FAIL: SCAN-release-7e3948498e8cd870: unresolved
FAIL: SCAN-release-7e3948498e8cd870: blocking residual risk
FAIL: SCAN-release-d80b5c06b3fadc14: unresolved
FAIL: SCAN-release-d80b5c06b3fadc14: blocking residual risk
FAIL: SCAN-release-22d9d49ef8981792: unresolved
FAIL: SCAN-release-22d9d49ef8981792: blocking residual risk
FAIL: SCAN-release-c347e990c26de91a: unresolved
FAIL: SCAN-release-c347e990c26de91a: blocking residual risk
FAIL: SCAN-release-79a56f74ddc18ba1: unresolved
FAIL: SCAN-release-79a56f74ddc18ba1: blocking residual risk
FAIL: SCAN-release-9b3dc81499a4a5ab: unresolved
FAIL: SCAN-release-9b3dc81499a4a5ab: blocking residual risk
FAIL: SCAN-release-5208c3a53c1eb35a: unresolved
FAIL: SCAN-release-5208c3a53c1eb35a: blocking residual risk
FAIL: SCAN-release-02217e62bc382d00: unresolved
FAIL: SCAN-release-02217e62bc382d00: blocking residual risk
FAIL: SCAN-release-e2fcf940bf8936a2: unresolved
FAIL: SCAN-release-e2fcf940bf8936a2: blocking residual risk
FAIL: SCAN-release-c64be6d760899933: unresolved
FAIL: SCAN-release-c64be6d760899933: blocking residual risk
FAIL: SCAN-release-8614db99ebe7a2f6: unresolved
FAIL: SCAN-release-8614db99ebe7a2f6: blocking residual risk
FAIL: SCAN-release-21c9a7a044f44bcd: unresolved
FAIL: SCAN-release-21c9a7a044f44bcd: blocking residual risk
FAIL: SCAN-release-6dc23387b4365424: unresolved
FAIL: SCAN-release-6dc23387b4365424: blocking residual risk
FAIL: SCAN-release-2fcd06609507940e: unresolved
FAIL: SCAN-release-2fcd06609507940e: blocking residual risk
FAIL: SCAN-release-8cddedc67753a27c: unresolved
FAIL: SCAN-release-8cddedc67753a27c: blocking residual risk
FAIL: SCAN-release-921bacb0d16985c1: unresolved
FAIL: SCAN-release-921bacb0d16985c1: blocking residual risk
FAIL: SCAN-release-8373c81d39b35cf7: unresolved
FAIL: SCAN-release-8373c81d39b35cf7: blocking residual risk
FAIL: SCAN-release-8d77c30af7f220d5: unresolved
FAIL: SCAN-release-8d77c30af7f220d5: blocking residual risk
FAIL: SCAN-release-a360c8abc3d4388d: unresolved
FAIL: SCAN-release-a360c8abc3d4388d: blocking residual risk
FAIL: SCAN-release-1076b7a51fe12923: unresolved
FAIL: SCAN-release-1076b7a51fe12923: blocking residual risk
FAIL: SCAN-release-be330c59586b635c: unresolved
FAIL: SCAN-release-be330c59586b635c: blocking residual risk
FAIL: SCAN-release-195086ff0e32883c: unresolved
FAIL: SCAN-release-195086ff0e32883c: blocking residual risk
FAIL: SCAN-release-dc09d066827d22d6: unresolved
FAIL: SCAN-release-dc09d066827d22d6: blocking residual risk
FAIL: SCAN-release-c8f2a573abadbe6c: unresolved
FAIL: SCAN-release-c8f2a573abadbe6c: blocking residual risk
FAIL: SCAN-release-f1619fd08d6dd621: unresolved
FAIL: SCAN-release-f1619fd08d6dd621: blocking residual risk
FAIL: SCAN-release-e5c4acc05ba40919: unresolved
FAIL: SCAN-release-e5c4acc05ba40919: blocking residual risk
FAIL: SCAN-release-cc29f29fcfd6c14d: unresolved
FAIL: SCAN-release-cc29f29fcfd6c14d: blocking residual risk
FAIL: SCAN-release-b97c180dc0a36bae: unresolved
FAIL: SCAN-release-b97c180dc0a36bae: blocking residual risk
FAIL: SCAN-release-a82d53b73d443cd2: unresolved
FAIL: SCAN-release-a82d53b73d443cd2: blocking residual risk
FAIL: SCAN-release-5ee289efe34069f3: unresolved
FAIL: SCAN-release-5ee289efe34069f3: blocking residual risk
FAIL: SCAN-release-9b17b9f47a09d4a9: unresolved
FAIL: SCAN-release-9b17b9f47a09d4a9: blocking residual risk
FAIL: SCAN-release-8af6bf6a85f97ace: unresolved
FAIL: SCAN-release-8af6bf6a85f97ace: blocking residual risk
FAIL: SCAN-release-924a1d2732a806bf: unresolved
FAIL: SCAN-release-924a1d2732a806bf: blocking residual risk
FAIL: SCAN-release-fe3fa5361209f1f6: unresolved
FAIL: SCAN-release-fe3fa5361209f1f6: blocking residual risk
FAIL: SCAN-release-1990445e4a228432: unresolved
FAIL: SCAN-release-1990445e4a228432: blocking residual risk
FAIL: SCAN-release-0afa16dccc28a382: unresolved
FAIL: SCAN-release-0afa16dccc28a382: blocking residual risk
FAIL: SCAN-release-830f6282888c67ce: unresolved
FAIL: SCAN-release-830f6282888c67ce: blocking residual risk
FAIL: SCAN-release-ba32f65ca2e52117: unresolved
FAIL: SCAN-release-ba32f65ca2e52117: blocking residual risk
FAIL: SCAN-release-beccaccded2cc4b8: unresolved
FAIL: SCAN-release-beccaccded2cc4b8: blocking residual risk
FAIL: SCAN-release-63b09b5a7f467de2: unresolved
FAIL: SCAN-release-63b09b5a7f467de2: blocking residual risk
FAIL: SCAN-release-dae7db55cff00223: unresolved
FAIL: SCAN-release-dae7db55cff00223: blocking residual risk
FAIL: SCAN-release-75ff6552aa5ab349: unresolved
FAIL: SCAN-release-75ff6552aa5ab349: blocking residual risk
FAIL: SCAN-release-380b0520dd0db34f: unresolved
FAIL: SCAN-release-380b0520dd0db34f: blocking residual risk
FAIL: SCAN-release-25493ba538d4b82f: unresolved
FAIL: SCAN-release-25493ba538d4b82f: blocking residual risk
FAIL: SCAN-release-2b00e0cd29af745e: unresolved
FAIL: SCAN-release-2b00e0cd29af745e: blocking residual risk
FAIL: SCAN-release-d01c18c883abb95c: unresolved
FAIL: SCAN-release-d01c18c883abb95c: blocking residual risk
FAIL: SCAN-release-5d5976bbefab3af6: unresolved
FAIL: SCAN-release-5d5976bbefab3af6: blocking residual risk
FAIL: SCAN-release-15215fdcec0e6f17: unresolved
FAIL: SCAN-release-15215fdcec0e6f17: blocking residual risk
FAIL: SCAN-release-54c94ab07e5aefaf: unresolved
FAIL: SCAN-release-54c94ab07e5aefaf: blocking residual risk
FAIL: SCAN-release-d79f7dded45407fc: unresolved
FAIL: SCAN-release-d79f7dded45407fc: blocking residual risk
FAIL: SCAN-release-33f38e14ddc65d08: unresolved
FAIL: SCAN-release-33f38e14ddc65d08: blocking residual risk
FAIL: SCAN-release-0e780e91e8cf3700: unresolved
FAIL: SCAN-release-0e780e91e8cf3700: blocking residual risk
FAIL: SCAN-release-e842f17f46258e1b: unresolved
FAIL: SCAN-release-e842f17f46258e1b: blocking residual risk
FAIL: SCAN-release-712e502025401334: unresolved
FAIL: SCAN-release-712e502025401334: blocking residual risk
FAIL: SCAN-release-b7f2a05082f3f21f: unresolved
FAIL: SCAN-release-b7f2a05082f3f21f: blocking residual risk
FAIL: SCAN-release-99854e21d31ca034: unresolved
FAIL: SCAN-release-99854e21d31ca034: blocking residual risk
FAIL: SCAN-release-20b6f6bc854434e4: unresolved
FAIL: SCAN-release-20b6f6bc854434e4: blocking residual risk
FAIL: SCAN-release-937e3f837e6982e2: unresolved
FAIL: SCAN-release-937e3f837e6982e2: blocking residual risk
FAIL: SCAN-release-4bc19a22c4b338e6: unresolved
FAIL: SCAN-release-4bc19a22c4b338e6: blocking residual risk
FAIL: SCAN-release-949e071886730b97: unresolved
FAIL: SCAN-release-949e071886730b97: blocking residual risk
FAIL: SCAN-release-3dddf51d30ca18ce: unresolved
FAIL: SCAN-release-3dddf51d30ca18ce: blocking residual risk
FAIL: SCAN-release-50d42260b57d4a30: unresolved
FAIL: SCAN-release-50d42260b57d4a30: blocking residual risk
FAIL: SCAN-release-6e7826d78abb9a5f: unresolved
FAIL: SCAN-release-6e7826d78abb9a5f: blocking residual risk
FAIL: SCAN-release-1642a32e813df5fd: unresolved
FAIL: SCAN-release-1642a32e813df5fd: blocking residual risk
FAIL: SCAN-release-3336488cc7c54610: unresolved
FAIL: SCAN-release-3336488cc7c54610: blocking residual risk
FAIL: SCAN-release-af2ca797d38a2b5c: unresolved
FAIL: SCAN-release-af2ca797d38a2b5c: blocking residual risk
FAIL: SCAN-release-51a21078b4aea5f8: unresolved
FAIL: SCAN-release-51a21078b4aea5f8: blocking residual risk
FAIL: SCAN-release-62a98cec80c42863: unresolved
FAIL: SCAN-release-62a98cec80c42863: blocking residual risk
FAIL: SCAN-release-957320bdb6ccef85: unresolved
FAIL: SCAN-release-957320bdb6ccef85: blocking residual risk
FAIL: SCAN-release-7cdadedba2b566c9: unresolved
FAIL: SCAN-release-7cdadedba2b566c9: blocking residual risk
FAIL: SCAN-release-2970a0f90480df33: unresolved
FAIL: SCAN-release-2970a0f90480df33: blocking residual risk
FAIL: SCAN-release-4e9256146eb6f3c3: unresolved
FAIL: SCAN-release-4e9256146eb6f3c3: blocking residual risk
FAIL: SCAN-release-c8294a7d7d5c0b39: unresolved
FAIL: SCAN-release-c8294a7d7d5c0b39: blocking residual risk
FAIL: SCAN-release-76d66081d0db91e0: unresolved
FAIL: SCAN-release-76d66081d0db91e0: blocking residual risk
FAIL: SCAN-release-4d3dd660bb36fd37: unresolved
FAIL: SCAN-release-4d3dd660bb36fd37: blocking residual risk
FAIL: SCAN-release-f58cbfe1b00c6e69: unresolved
FAIL: SCAN-release-f58cbfe1b00c6e69: blocking residual risk
FAIL: SCAN-release-91bfa428fce19197: unresolved
FAIL: SCAN-release-91bfa428fce19197: blocking residual risk
FAIL: SCAN-release-432990d750427e62: unresolved
FAIL: SCAN-release-432990d750427e62: blocking residual risk
FAIL: SCAN-release-07e2456671dafcfb: unresolved
FAIL: SCAN-release-07e2456671dafcfb: blocking residual risk
FAIL: SCAN-release-931e30a8c814ef86: unresolved
FAIL: SCAN-release-931e30a8c814ef86: blocking residual risk
FAIL: SCAN-release-30e2001ee1ae4ca7: unresolved
FAIL: SCAN-release-30e2001ee1ae4ca7: blocking residual risk
FAIL: SCAN-release-c80f23f635e72388: unresolved
FAIL: SCAN-release-c80f23f635e72388: blocking residual risk
FAIL: SCAN-release-dc46badca83c1121: unresolved
FAIL: SCAN-release-dc46badca83c1121: blocking residual risk
FAIL: SCAN-release-a670d907515b5d81: unresolved
FAIL: SCAN-release-a670d907515b5d81: blocking residual risk
FAIL: SCAN-release-3e4b947f5f4bba46: unresolved
FAIL: SCAN-release-3e4b947f5f4bba46: blocking residual risk
FAIL: SCAN-release-567b510619b26f94: unresolved
FAIL: SCAN-release-567b510619b26f94: blocking residual risk
FAIL: SCAN-release-451579d77175bfaa: unresolved
FAIL: SCAN-release-451579d77175bfaa: blocking residual risk
FAIL: SCAN-release-a78e563adb351e2e: unresolved
FAIL: SCAN-release-a78e563adb351e2e: blocking residual risk
FAIL: SCAN-release-e94576bcb06d748c: unresolved
FAIL: SCAN-release-e94576bcb06d748c: blocking residual risk
FAIL: SCAN-release-c183d944fe3dc3ab: unresolved
FAIL: SCAN-release-c183d944fe3dc3ab: blocking residual risk
FAIL: SCAN-release-1cc7d2d123a6ffb1: unresolved
FAIL: SCAN-release-1cc7d2d123a6ffb1: blocking residual risk
FAIL: SCAN-release-8b019b997b15c6e5: unresolved
FAIL: SCAN-release-8b019b997b15c6e5: blocking residual risk
FAIL: SCAN-release-adc6e32d8ce7197c: unresolved
FAIL: SCAN-release-adc6e32d8ce7197c: blocking residual risk
FAIL: SCAN-release-22518835b672f1be: unresolved
FAIL: SCAN-release-22518835b672f1be: blocking residual risk
FAIL: SCAN-release-58183cb469764bc0: unresolved
FAIL: SCAN-release-58183cb469764bc0: blocking residual risk
FAIL: SCAN-release-d3c712e8bf11768c: unresolved
FAIL: SCAN-release-d3c712e8bf11768c: blocking residual risk
FAIL: SCAN-release-5fe9d671a24e8e89: unresolved
FAIL: SCAN-release-5fe9d671a24e8e89: blocking residual risk
FAIL: SCAN-release-f30d71ed87202b3f: unresolved
FAIL: SCAN-release-f30d71ed87202b3f: blocking residual risk
FAIL: SCAN-release-ccadce3164c68be7: unresolved
FAIL: SCAN-release-ccadce3164c68be7: blocking residual risk
FAIL: SCAN-release-d3868781ba3b24de: unresolved
FAIL: SCAN-release-d3868781ba3b24de: blocking residual risk
FAIL: SCAN-release-bfc76a630f221616: unresolved
FAIL: SCAN-release-bfc76a630f221616: blocking residual risk
FAIL: SCAN-release-caac32352109dffd: unresolved
FAIL: SCAN-release-caac32352109dffd: blocking residual risk
FAIL: SCAN-release-bca74c14b1519ef0: unresolved
FAIL: SCAN-release-bca74c14b1519ef0: blocking residual risk
FAIL: SCAN-release-a5b3f3e922af25da: unresolved
FAIL: SCAN-release-a5b3f3e922af25da: blocking residual risk
FAIL: SCAN-release-7c0b7705b4e8303f: unresolved
FAIL: SCAN-release-7c0b7705b4e8303f: blocking residual risk
FAIL: SCAN-release-072fe10ad1178e66: unresolved
FAIL: SCAN-release-072fe10ad1178e66: blocking residual risk
FAIL: SCAN-release-bb8a1d2863ce1347: unresolved
FAIL: SCAN-release-bb8a1d2863ce1347: blocking residual risk
FAIL: SCAN-release-05d03711552dc3bf: unresolved
FAIL: SCAN-release-05d03711552dc3bf: blocking residual risk
FAIL: SCAN-release-c80a2c90d81c94a7: unresolved
FAIL: SCAN-release-c80a2c90d81c94a7: blocking residual risk
FAIL: SCAN-release-47f5c5cd5e14c524: unresolved
FAIL: SCAN-release-47f5c5cd5e14c524: blocking residual risk
FAIL: SCAN-release-c2487bab3cb9e8f1: unresolved
FAIL: SCAN-release-c2487bab3cb9e8f1: blocking residual risk
FAIL: SCAN-release-5c31372ea0a7bb18: unresolved
FAIL: SCAN-release-5c31372ea0a7bb18: blocking residual risk
FAIL: SCAN-release-feaf0981c3fe9c3b: unresolved
FAIL: SCAN-release-feaf0981c3fe9c3b: blocking residual risk
FAIL: SCAN-release-d526bbebcd688804: unresolved
FAIL: SCAN-release-d526bbebcd688804: blocking residual risk
FAIL: SCAN-release-84c0ca275e768190: unresolved
FAIL: SCAN-release-84c0ca275e768190: blocking residual risk
FAIL: SCAN-release-d595fc08626328b0: unresolved
FAIL: SCAN-release-d595fc08626328b0: blocking residual risk
FAIL: SCAN-release-986268d93fa1f331: unresolved
FAIL: SCAN-release-986268d93fa1f331: blocking residual risk
FAIL: SCAN-release-5c074cb398046e0e: unresolved
FAIL: SCAN-release-5c074cb398046e0e: blocking residual risk
FAIL: SCAN-release-eaed081003eabe8e: unresolved
FAIL: SCAN-release-eaed081003eabe8e: blocking residual risk
FAIL: SCAN-release-37ae3d74717c5f24: unresolved
FAIL: SCAN-release-37ae3d74717c5f24: blocking residual risk
FAIL: SCAN-release-fc7a216cd3b5adfd: unresolved
FAIL: SCAN-release-fc7a216cd3b5adfd: blocking residual risk
FAIL: SCAN-release-3d84508b575bf6fe: unresolved
FAIL: SCAN-release-3d84508b575bf6fe: blocking residual risk
FAIL: SCAN-release-230812e2f9bcbe07: unresolved
FAIL: SCAN-release-230812e2f9bcbe07: blocking residual risk
FAIL: SCAN-release-79470b3f319703c6: unresolved
FAIL: SCAN-release-79470b3f319703c6: blocking residual risk
FAIL: SCAN-release-25b013f4b5248eac: unresolved
FAIL: SCAN-release-25b013f4b5248eac: blocking residual risk
FAIL: SCAN-release-4374bd4f0a2fff0c: unresolved
FAIL: SCAN-release-4374bd4f0a2fff0c: blocking residual risk
FAIL: SCAN-release-24cce9cbe433d65d: unresolved
FAIL: SCAN-release-24cce9cbe433d65d: blocking residual risk
FAIL: SCAN-release-0fe31335c3be8553: unresolved
FAIL: SCAN-release-0fe31335c3be8553: blocking residual risk
FAIL: SCAN-release-fc0d65d8d0055dd9: unresolved
FAIL: SCAN-release-fc0d65d8d0055dd9: blocking residual risk
FAIL: SCAN-release-7e47a2b020746235: unresolved
FAIL: SCAN-release-7e47a2b020746235: blocking residual risk
FAIL: SCAN-release-593f2590cc36f5b7: unresolved
FAIL: SCAN-release-593f2590cc36f5b7: blocking residual risk
FAIL: SCAN-release-4df8d5c5b89755b7: unresolved
FAIL: SCAN-release-4df8d5c5b89755b7: blocking residual risk
FAIL: SCAN-release-ece4fd39623bcaee: unresolved
FAIL: SCAN-release-ece4fd39623bcaee: blocking residual risk
FAIL: SCAN-release-04d2a8fb4fd223fd: unresolved
FAIL: SCAN-release-04d2a8fb4fd223fd: blocking residual risk
FAIL: SCAN-release-20840a5dc10356fc: unresolved
FAIL: SCAN-release-20840a5dc10356fc: blocking residual risk
FAIL: SCAN-release-2958c22162dcf37a: unresolved
FAIL: SCAN-release-2958c22162dcf37a: blocking residual risk
FAIL: SCAN-release-daec7bd43b84456b: unresolved
FAIL: SCAN-release-daec7bd43b84456b: blocking residual risk
FAIL: SCAN-release-7efa295aff601e47: unresolved
FAIL: SCAN-release-7efa295aff601e47: blocking residual risk
FAIL: SCAN-release-e549fd26a91ec90f: unresolved
FAIL: SCAN-release-e549fd26a91ec90f: blocking residual risk
FAIL: SCAN-release-c37b70164cd2c08a: unresolved
FAIL: SCAN-release-c37b70164cd2c08a: blocking residual risk
FAIL: SCAN-release-41dc512389329238: unresolved
FAIL: SCAN-release-41dc512389329238: blocking residual risk
FAIL: SCAN-release-8b6b1f71eb9cab4a: unresolved
FAIL: SCAN-release-8b6b1f71eb9cab4a: blocking residual risk
FAIL: SCAN-release-eef8d7e34f8e313c: unresolved
FAIL: SCAN-release-eef8d7e34f8e313c: blocking residual risk
FAIL: SCAN-release-a322a8164546dfb0: unresolved
FAIL: SCAN-release-a322a8164546dfb0: blocking residual risk
FAIL: SCAN-release-17e801b1091a4e73: unresolved
FAIL: SCAN-release-17e801b1091a4e73: blocking residual risk
FAIL: SCAN-release-adb605a89f5d31e6: unresolved
FAIL: SCAN-release-adb605a89f5d31e6: blocking residual risk
FAIL: SCAN-release-6c0d599047ba9e6f: unresolved
FAIL: SCAN-release-6c0d599047ba9e6f: blocking residual risk
FAIL: SCAN-release-460982276df59d94: unresolved
FAIL: SCAN-release-460982276df59d94: blocking residual risk
FAIL: SCAN-release-84405e9100879d11: unresolved
FAIL: SCAN-release-84405e9100879d11: blocking residual risk
FAIL: SCAN-candidate-a1f04e0dbe21dbf9: unresolved
FAIL: SCAN-candidate-a1f04e0dbe21dbf9: blocking residual risk
FAIL: SCAN-candidate-16f0455cd3b4b09b: unresolved
FAIL: SCAN-candidate-16f0455cd3b4b09b: blocking residual risk
FAIL: SCAN-candidate-478e7465960ff776: unresolved
FAIL: SCAN-candidate-478e7465960ff776: blocking residual risk
FAIL: SCAN-candidate-a81209e0c4d6cadf: unresolved
FAIL: SCAN-candidate-a81209e0c4d6cadf: blocking residual risk
FAIL: SCAN-candidate-04848f9fee0e938a: unresolved
FAIL: SCAN-candidate-04848f9fee0e938a: blocking residual risk
FAIL: SCAN-candidate-8291bc61622f25b7: unresolved
FAIL: SCAN-candidate-8291bc61622f25b7: blocking residual risk
FAIL: SCAN-candidate-5eb998002c58b28b: unresolved
FAIL: SCAN-candidate-5eb998002c58b28b: blocking residual risk
FAIL: SCAN-candidate-e87698e4d1b171e2: unresolved
FAIL: SCAN-candidate-e87698e4d1b171e2: blocking residual risk
FAIL: SCAN-candidate-8357cd35e607ad29: unresolved
FAIL: SCAN-candidate-8357cd35e607ad29: blocking residual risk
FAIL: SCAN-candidate-e012f611225aa887: unresolved
FAIL: SCAN-candidate-e012f611225aa887: blocking residual risk
FAIL: SCAN-candidate-d8a430d33a955352: unresolved
FAIL: SCAN-candidate-d8a430d33a955352: blocking residual risk
FAIL: SCAN-candidate-e3d470109d5749ed: unresolved
FAIL: SCAN-candidate-e3d470109d5749ed: blocking residual risk
FAIL: SCAN-candidate-0f1a2e732642e183: unresolved
FAIL: SCAN-candidate-0f1a2e732642e183: blocking residual risk
FAIL: SCAN-candidate-60bbc53ce988e369: unresolved
FAIL: SCAN-candidate-60bbc53ce988e369: blocking residual risk
FAIL: SCAN-candidate-7caae9d9199629e0: unresolved
FAIL: SCAN-candidate-7caae9d9199629e0: blocking residual risk
FAIL: SCAN-candidate-7464dcd411408983: unresolved
FAIL: SCAN-candidate-7464dcd411408983: blocking residual risk
FAIL: SCAN-candidate-1790a7cb25c5ed92: unresolved
FAIL: SCAN-candidate-1790a7cb25c5ed92: blocking residual risk
FAIL: SCAN-candidate-c31632905c73e787: unresolved
FAIL: SCAN-candidate-c31632905c73e787: blocking residual risk
FAIL: SCAN-candidate-52de84f85bd6e160: unresolved
FAIL: SCAN-candidate-52de84f85bd6e160: blocking residual risk
FAIL: SCAN-candidate-d286e302328f1a74: unresolved
FAIL: SCAN-candidate-d286e302328f1a74: blocking residual risk
FAIL: SCAN-candidate-71df02c6f4dac147: unresolved
FAIL: SCAN-candidate-71df02c6f4dac147: blocking residual risk
FAIL: SCAN-candidate-be891c29de66e1d3: unresolved
FAIL: SCAN-candidate-be891c29de66e1d3: blocking residual risk
FAIL: SCAN-candidate-2de04b67c81c85d6: unresolved
FAIL: SCAN-candidate-2de04b67c81c85d6: blocking residual risk
FAIL: SCAN-candidate-7a1e7004f5907459: unresolved
FAIL: SCAN-candidate-7a1e7004f5907459: blocking residual risk
FAIL: SCAN-candidate-bcfaecc7aa7bbc4a: unresolved
FAIL: SCAN-candidate-bcfaecc7aa7bbc4a: blocking residual risk
FAIL: SCAN-candidate-c028e128c1e29b47: unresolved
FAIL: SCAN-candidate-c028e128c1e29b47: blocking residual risk
FAIL: SCAN-candidate-14dabd29dad5f10a: unresolved
FAIL: SCAN-candidate-14dabd29dad5f10a: blocking residual risk
FAIL: SCAN-candidate-129fe712e8efeac5: unresolved
FAIL: SCAN-candidate-129fe712e8efeac5: blocking residual risk
FAIL: SCAN-candidate-e51948898c32ae1c: unresolved
FAIL: SCAN-candidate-e51948898c32ae1c: blocking residual risk
FAIL: SCAN-candidate-3c2243756cb634dd: unresolved
FAIL: SCAN-candidate-3c2243756cb634dd: blocking residual risk
FAIL: SCAN-candidate-42e874fb06b4ee2f: unresolved
FAIL: SCAN-candidate-42e874fb06b4ee2f: blocking residual risk
FAIL: SCAN-candidate-6dbc3656d17c3bd8: unresolved
FAIL: SCAN-candidate-6dbc3656d17c3bd8: blocking residual risk
FAIL: SCAN-candidate-b537034df8c9c798: unresolved
FAIL: SCAN-candidate-b537034df8c9c798: blocking residual risk
FAIL: SCAN-candidate-e8fb0bb6e2ad338c: unresolved
FAIL: SCAN-candidate-e8fb0bb6e2ad338c: blocking residual risk
FAIL: SCAN-candidate-cbb03c7573f3884e: unresolved
FAIL: SCAN-candidate-cbb03c7573f3884e: blocking residual risk
FAIL: SCAN-candidate-aab4a0009ab02526: unresolved
FAIL: SCAN-candidate-aab4a0009ab02526: blocking residual risk
FAIL: SCAN-candidate-b2dd3577c15e402f: unresolved
FAIL: SCAN-candidate-b2dd3577c15e402f: blocking residual risk
FAIL: SCAN-candidate-ce811883adb7e2ce: unresolved
FAIL: SCAN-candidate-ce811883adb7e2ce: blocking residual risk
FAIL: SCAN-candidate-3c4eeb059dedef85: unresolved
FAIL: SCAN-candidate-3c4eeb059dedef85: blocking residual risk
FAIL: SCAN-candidate-baa3c7d3d6c9d1f9: unresolved
FAIL: SCAN-candidate-baa3c7d3d6c9d1f9: blocking residual risk
FAIL: SCAN-candidate-e8999d792169f88d: unresolved
FAIL: SCAN-candidate-e8999d792169f88d: blocking residual risk
FAIL: SCAN-candidate-8c8774f09eac7914: unresolved
FAIL: SCAN-candidate-8c8774f09eac7914: blocking residual risk
FAIL: SCAN-candidate-f01dda05d3335f50: unresolved
FAIL: SCAN-candidate-f01dda05d3335f50: blocking residual risk
FAIL: SCAN-candidate-c5df824ee2178ed9: unresolved
FAIL: SCAN-candidate-c5df824ee2178ed9: blocking residual risk
FAIL: SCAN-candidate-e89a4763390b3749: unresolved
FAIL: SCAN-candidate-e89a4763390b3749: blocking residual risk
FAIL: SCAN-candidate-cdc1488759729f88: unresolved
FAIL: SCAN-candidate-cdc1488759729f88: blocking residual risk
FAIL: SCAN-candidate-8f73c080c7ffb1b0: unresolved
FAIL: SCAN-candidate-8f73c080c7ffb1b0: blocking residual risk
FAIL: SCAN-candidate-c489a9710306d43f: unresolved
FAIL: SCAN-candidate-c489a9710306d43f: blocking residual risk
FAIL: SCAN-candidate-be8cf7ea81157118: unresolved
FAIL: SCAN-candidate-be8cf7ea81157118: blocking residual risk
FAIL: SCAN-candidate-aacfc2d4dc22b27c: unresolved
FAIL: SCAN-candidate-aacfc2d4dc22b27c: blocking residual risk
FAIL: SCAN-candidate-efac3df95ac2fcf4: unresolved
FAIL: SCAN-candidate-efac3df95ac2fcf4: blocking residual risk
FAIL: SCAN-candidate-5f6a471bb4279b39: unresolved
FAIL: SCAN-candidate-5f6a471bb4279b39: blocking residual risk
FAIL: SCAN-candidate-c61b080798d0022b: unresolved
FAIL: SCAN-candidate-c61b080798d0022b: blocking residual risk
FAIL: SCAN-candidate-b85e06881f581783: unresolved
FAIL: SCAN-candidate-b85e06881f581783: blocking residual risk
FAIL: SCAN-candidate-3213e5b358d487ef: unresolved
FAIL: SCAN-candidate-3213e5b358d487ef: blocking residual risk
FAIL: SCAN-candidate-44f8c951d1fd97b4: unresolved
FAIL: SCAN-candidate-44f8c951d1fd97b4: blocking residual risk
FAIL: SCAN-candidate-5ae60beaa2c47ed9: unresolved
FAIL: SCAN-candidate-5ae60beaa2c47ed9: blocking residual risk
FAIL: SCAN-candidate-fd0e906a9560b071: unresolved
FAIL: SCAN-candidate-fd0e906a9560b071: blocking residual risk
FAIL: SCAN-candidate-dce88b1ad704f1f6: unresolved
FAIL: SCAN-candidate-dce88b1ad704f1f6: blocking residual risk
FAIL: SCAN-candidate-24d95281f52237e3: unresolved
FAIL: SCAN-candidate-24d95281f52237e3: blocking residual risk
FAIL: SCAN-candidate-356895dd53339145: unresolved
FAIL: SCAN-candidate-356895dd53339145: blocking residual risk
FAIL: SCAN-candidate-f313b19c699e35b9: unresolved
FAIL: SCAN-candidate-f313b19c699e35b9: blocking residual risk
FAIL: SCAN-candidate-5b8038d5ce7dfc80: unresolved
FAIL: SCAN-candidate-5b8038d5ce7dfc80: blocking residual risk
FAIL: SCAN-candidate-2db1add3d81e87ba: unresolved
FAIL: SCAN-candidate-2db1add3d81e87ba: blocking residual risk
FAIL: SCAN-candidate-138cfc7329fd23f5: unresolved
FAIL: SCAN-candidate-138cfc7329fd23f5: blocking residual risk
FAIL: SCAN-candidate-a8b200c286ac379f: unresolved
FAIL: SCAN-candidate-a8b200c286ac379f: blocking residual risk
FAIL: SCAN-candidate-56f2da45c47de5ee: unresolved
FAIL: SCAN-candidate-56f2da45c47de5ee: blocking residual risk
FAIL: SCAN-candidate-f3b877c4ed3cdebe: unresolved
FAIL: SCAN-candidate-f3b877c4ed3cdebe: blocking residual risk
FAIL: SCAN-candidate-3c74110d566fef63: unresolved
FAIL: SCAN-candidate-3c74110d566fef63: blocking residual risk
FAIL: SCAN-candidate-cfa8409506ba9ced: unresolved
FAIL: SCAN-candidate-cfa8409506ba9ced: blocking residual risk
FAIL: SCAN-candidate-7192418412d68c6f: unresolved
FAIL: SCAN-candidate-7192418412d68c6f: blocking residual risk
FAIL: SCAN-candidate-bbd96ca16b6b0427: unresolved
FAIL: SCAN-candidate-bbd96ca16b6b0427: blocking residual risk
FAIL: SCAN-candidate-937e262b9f859f84: unresolved
FAIL: SCAN-candidate-937e262b9f859f84: blocking residual risk
FAIL: SCAN-candidate-e8f2a1ad1422a3a9: unresolved
FAIL: SCAN-candidate-e8f2a1ad1422a3a9: blocking residual risk
FAIL: SCAN-candidate-1f6f564e21d733dc: unresolved
FAIL: SCAN-candidate-1f6f564e21d733dc: blocking residual risk
FAIL: SCAN-candidate-48d0fecf9da18cd3: unresolved
FAIL: SCAN-candidate-48d0fecf9da18cd3: blocking residual risk
FAIL: SCAN-candidate-8b3b00b4172b1c0e: unresolved
FAIL: SCAN-candidate-8b3b00b4172b1c0e: blocking residual risk
FAIL: SCAN-candidate-eafff01f7b5c5e2f: unresolved
FAIL: SCAN-candidate-eafff01f7b5c5e2f: blocking residual risk
FAIL: SCAN-candidate-c18f337b4f0e778d: unresolved
FAIL: SCAN-candidate-c18f337b4f0e778d: blocking residual risk
FAIL: SCAN-candidate-03970ba0bcc47088: unresolved
FAIL: SCAN-candidate-03970ba0bcc47088: blocking residual risk
FAIL: SCAN-candidate-920139a2a6722d1a: unresolved
FAIL: SCAN-candidate-920139a2a6722d1a: blocking residual risk
FAIL: SCAN-candidate-8f62fb5a4111ffb4: unresolved
FAIL: SCAN-candidate-8f62fb5a4111ffb4: blocking residual risk
FAIL: SCAN-candidate-30fa9820b35419a7: unresolved
FAIL: SCAN-candidate-30fa9820b35419a7: blocking residual risk
FAIL: SCAN-candidate-0e348e0e88395544: unresolved
FAIL: SCAN-candidate-0e348e0e88395544: blocking residual risk
FAIL: SCAN-candidate-2b02445dd7935ede: unresolved
FAIL: SCAN-candidate-2b02445dd7935ede: blocking residual risk
FAIL: SCAN-candidate-fdcf1796528c5d90: unresolved
FAIL: SCAN-candidate-fdcf1796528c5d90: blocking residual risk
FAIL: SCAN-candidate-e82aa3b1c8838bdd: unresolved
FAIL: SCAN-candidate-e82aa3b1c8838bdd: blocking residual risk
FAIL: SCAN-candidate-a0cb78f49a258b27: unresolved
FAIL: SCAN-candidate-a0cb78f49a258b27: blocking residual risk
FAIL: SCAN-candidate-3c39f476c0cf77fa: unresolved
FAIL: SCAN-candidate-3c39f476c0cf77fa: blocking residual risk
FAIL: SCAN-candidate-63abe694afc25c1d: unresolved
FAIL: SCAN-candidate-63abe694afc25c1d: blocking residual risk
FAIL: SCAN-candidate-5166b40ff6f5ce61: unresolved
FAIL: SCAN-candidate-5166b40ff6f5ce61: blocking residual risk
FAIL: SCAN-candidate-14f3ee5b787ca0ca: unresolved
FAIL: SCAN-candidate-14f3ee5b787ca0ca: blocking residual risk
FAIL: SCAN-candidate-1105181098ef8d35: unresolved
FAIL: SCAN-candidate-1105181098ef8d35: blocking residual risk
FAIL: SCAN-candidate-54a1c50922a3e857: unresolved
FAIL: SCAN-candidate-54a1c50922a3e857: blocking residual risk
FAIL: SCAN-candidate-ab553a027ef718c4: unresolved
FAIL: SCAN-candidate-ab553a027ef718c4: blocking residual risk
FAIL: SCAN-candidate-c901660eee647e67: unresolved
FAIL: SCAN-candidate-c901660eee647e67: blocking residual risk
FAIL: SCAN-candidate-31a82bfb6b425482: unresolved
FAIL: SCAN-candidate-31a82bfb6b425482: blocking residual risk
FAIL: SCAN-candidate-e4ba01d9c36c5560: unresolved
FAIL: SCAN-candidate-e4ba01d9c36c5560: blocking residual risk
FAIL: SCAN-candidate-1e073a26d1c3d086: unresolved
FAIL: SCAN-candidate-1e073a26d1c3d086: blocking residual risk
FAIL: SCAN-candidate-4d11c82372e84914: unresolved
FAIL: SCAN-candidate-4d11c82372e84914: blocking residual risk
FAIL: SCAN-candidate-412d974b0958ad5a: unresolved
FAIL: SCAN-candidate-412d974b0958ad5a: blocking residual risk
FAIL: SCAN-candidate-67f982595dbe49f6: unresolved
FAIL: SCAN-candidate-67f982595dbe49f6: blocking residual risk
FAIL: SCAN-candidate-73975e7f0b150541: unresolved
FAIL: SCAN-candidate-73975e7f0b150541: blocking residual risk
FAIL: SCAN-candidate-b5bf4cf28edeb60e: unresolved
FAIL: SCAN-candidate-b5bf4cf28edeb60e: blocking residual risk
FAIL: SCAN-candidate-5eeb7246d3a81b7b: unresolved
FAIL: SCAN-candidate-5eeb7246d3a81b7b: blocking residual risk
FAIL: SCAN-candidate-6e0047e7ea4a090e: unresolved
FAIL: SCAN-candidate-6e0047e7ea4a090e: blocking residual risk
FAIL: SCAN-candidate-6533862129513946: unresolved
FAIL: SCAN-candidate-6533862129513946: blocking residual risk
FAIL: SCAN-candidate-c30b236965624f82: unresolved
FAIL: SCAN-candidate-c30b236965624f82: blocking residual risk
FAIL: SCAN-candidate-dacd34ed0b2e8318: unresolved
FAIL: SCAN-candidate-dacd34ed0b2e8318: blocking residual risk
FAIL: SCAN-candidate-6886c311af7465d5: unresolved
FAIL: SCAN-candidate-6886c311af7465d5: blocking residual risk
FAIL: SCAN-candidate-04714ea6f7c9d68d: unresolved
FAIL: SCAN-candidate-04714ea6f7c9d68d: blocking residual risk
FAIL: SCAN-candidate-26f114787beff549: unresolved
FAIL: SCAN-candidate-26f114787beff549: blocking residual risk
FAIL: SCAN-candidate-006251c7ca7d4aec: unresolved
FAIL: SCAN-candidate-006251c7ca7d4aec: blocking residual risk
FAIL: SCAN-candidate-99ec3e222828a991: unresolved
FAIL: SCAN-candidate-99ec3e222828a991: blocking residual risk
FAIL: SCAN-candidate-c3b85e12ae486f90: unresolved
FAIL: SCAN-candidate-c3b85e12ae486f90: blocking residual risk
FAIL: SCAN-candidate-575b0651bd1d22f3: unresolved
FAIL: SCAN-candidate-575b0651bd1d22f3: blocking residual risk
FAIL: SCAN-candidate-edeffb211b8fecfd: unresolved
FAIL: SCAN-candidate-edeffb211b8fecfd: blocking residual risk
FAIL: SCAN-candidate-e11506ba42707357: unresolved
FAIL: SCAN-candidate-e11506ba42707357: blocking residual risk
FAIL: SCAN-candidate-fb9d78a3219f117c: unresolved
FAIL: SCAN-candidate-fb9d78a3219f117c: blocking residual risk
FAIL: SCAN-candidate-30e435deb4b371ef: unresolved
FAIL: SCAN-candidate-30e435deb4b371ef: blocking residual risk
FAIL: SCAN-candidate-bde0da6485f794a7: unresolved
FAIL: SCAN-candidate-bde0da6485f794a7: blocking residual risk
FAIL: SCAN-candidate-7ace8921d8c5206b: unresolved
FAIL: SCAN-candidate-7ace8921d8c5206b: blocking residual risk
FAIL: SCAN-candidate-9c53a7852b6e2e1c: unresolved
FAIL: SCAN-candidate-9c53a7852b6e2e1c: blocking residual risk
FAIL: SCAN-candidate-e1ccf61cb9e979ba: unresolved
FAIL: SCAN-candidate-e1ccf61cb9e979ba: blocking residual risk
FAIL: SCAN-candidate-0a42ca3dacb9d836: unresolved
FAIL: SCAN-candidate-0a42ca3dacb9d836: blocking residual risk
FAIL: SCAN-candidate-1190bdb3e6236e2a: unresolved
FAIL: SCAN-candidate-1190bdb3e6236e2a: blocking residual risk
FAIL: SCAN-candidate-792f38697def7d47: unresolved
FAIL: SCAN-candidate-792f38697def7d47: blocking residual risk
FAIL: SCAN-candidate-e341dffcd0e2718e: unresolved
FAIL: SCAN-candidate-e341dffcd0e2718e: blocking residual risk
FAIL: SCAN-candidate-29e4f403b82d74a5: unresolved
FAIL: SCAN-candidate-29e4f403b82d74a5: blocking residual risk
FAIL: SCAN-candidate-27f1432248422224: unresolved
FAIL: SCAN-candidate-27f1432248422224: blocking residual risk
FAIL: SCAN-candidate-66c787389b9e1c0e: unresolved
FAIL: SCAN-candidate-66c787389b9e1c0e: blocking residual risk
FAIL: SCAN-candidate-b193293029403a5a: unresolved
FAIL: SCAN-candidate-b193293029403a5a: blocking residual risk
FAIL: SCAN-candidate-f4a305c22abb565c: unresolved
FAIL: SCAN-candidate-f4a305c22abb565c: blocking residual risk
FAIL: SCAN-candidate-ae0427b1e509041d: unresolved
FAIL: SCAN-candidate-ae0427b1e509041d: blocking residual risk
FAIL: SCAN-candidate-9bf984d61815abce: unresolved
FAIL: SCAN-candidate-9bf984d61815abce: blocking residual risk
FAIL: SCAN-candidate-3e55ab4dcac93af2: unresolved
FAIL: SCAN-candidate-3e55ab4dcac93af2: blocking residual risk
FAIL: SCAN-candidate-dd32e28677865ae9: unresolved
FAIL: SCAN-candidate-dd32e28677865ae9: blocking residual risk
FAIL: SCAN-candidate-c0d270bdb66e08c3: unresolved
FAIL: SCAN-candidate-c0d270bdb66e08c3: blocking residual risk
FAIL: SCAN-candidate-b961b89d0e6aae6f: unresolved
FAIL: SCAN-candidate-b961b89d0e6aae6f: blocking residual risk
FAIL: SCAN-candidate-1d87ab8c73d81da3: unresolved
FAIL: SCAN-candidate-1d87ab8c73d81da3: blocking residual risk
FAIL: SCAN-candidate-7779ff9cbd325626: unresolved
FAIL: SCAN-candidate-7779ff9cbd325626: blocking residual risk
FAIL: SCAN-candidate-539169f338ad9da3: unresolved
FAIL: SCAN-candidate-539169f338ad9da3: blocking residual risk
FAIL: SCAN-candidate-cbd93867e5ee37f9: unresolved
FAIL: SCAN-candidate-cbd93867e5ee37f9: blocking residual risk
FAIL: SCAN-candidate-35f4d67d1eacdb12: unresolved
FAIL: SCAN-candidate-35f4d67d1eacdb12: blocking residual risk
FAIL: SCAN-candidate-476b4e34ec0c8ee5: unresolved
FAIL: SCAN-candidate-476b4e34ec0c8ee5: blocking residual risk
FAIL: SCAN-candidate-78cdd3db4a0097c0: unresolved
FAIL: SCAN-candidate-78cdd3db4a0097c0: blocking residual risk
FAIL: SCAN-candidate-59ef56f586359482: unresolved
FAIL: SCAN-candidate-59ef56f586359482: blocking residual risk
FAIL: SCAN-candidate-42e615497f19a048: unresolved
FAIL: SCAN-candidate-42e615497f19a048: blocking residual risk
FAIL: SCAN-candidate-53808724b519ea1f: unresolved
FAIL: SCAN-candidate-53808724b519ea1f: blocking residual risk
FAIL: SCAN-candidate-79b413c7fdc35609: unresolved
FAIL: SCAN-candidate-79b413c7fdc35609: blocking residual risk
FAIL: SCAN-candidate-16a22f1c35d22e66: unresolved
FAIL: SCAN-candidate-16a22f1c35d22e66: blocking residual risk
FAIL: SCAN-candidate-b64e43f5c3fe8236: unresolved
FAIL: SCAN-candidate-b64e43f5c3fe8236: blocking residual risk
FAIL: SCAN-candidate-0716fd044386f5b3: unresolved
FAIL: SCAN-candidate-0716fd044386f5b3: blocking residual risk
FAIL: SCAN-candidate-1bc24d10e116fed3: unresolved
FAIL: SCAN-candidate-1bc24d10e116fed3: blocking residual risk
FAIL: SCAN-candidate-a573db52acadee44: unresolved
FAIL: SCAN-candidate-a573db52acadee44: blocking residual risk
FAIL: SCAN-candidate-e89175df4b011fea: unresolved
FAIL: SCAN-candidate-e89175df4b011fea: blocking residual risk
FAIL: CONTROL-v4.0.3-1.1.2: blocking residual risk
FAIL: CONTROL-v4.0.3-1.1.3: blocking residual risk
FAIL: CONTROL-v4.0.3-1.1.7: blocking residual risk
FAIL: CONTROL-v4.0.3-1.2.2: blocking residual risk
FAIL: CONTROL-v4.0.3-1.6.1: blocking residual risk
FAIL: CONTROL-v4.0.3-1.6.2: blocking residual risk
FAIL: CONTROL-v4.0.3-1.7.2: blocking residual risk
FAIL: CONTROL-v4.0.3-1.8.2: blocking residual risk
FAIL: CONTROL-v4.0.3-1.9.1: blocking residual risk
FAIL: CONTROL-v4.0.3-1.9.2: blocking residual risk
FAIL: CONTROL-v4.0.3-1.10.1: blocking residual risk
FAIL: CONTROL-v4.0.3-2.2.3: blocking residual risk
FAIL: CONTROL-v4.0.3-2.3.2: blocking residual risk
FAIL: CONTROL-v4.0.3-2.4.5: blocking residual risk
FAIL: CONTROL-v4.0.3-2.5.5: blocking residual risk
FAIL: CONTROL-v4.0.3-2.10.1: blocking residual risk
FAIL: CONTROL-v4.0.3-2.10.3: blocking residual risk
FAIL: CONTROL-v4.0.3-2.10.4: blocking residual risk
FAIL: CONTROL-v4.0.3-3.3.2: blocking residual risk
FAIL: CONTROL-v4.0.3-4.3.3: blocking residual risk
FAIL: CONTROL-v4.0.3-5.2.6: blocking residual risk
FAIL: CONTROL-v4.0.3-6.1.1: blocking residual risk
FAIL: CONTROL-v4.0.3-6.4.1: blocking residual risk
FAIL: CONTROL-v4.0.3-6.4.2: blocking residual risk
FAIL: CONTROL-v4.0.3-7.3.3: blocking residual risk
FAIL: CONTROL-v4.0.3-7.3.4: blocking residual risk
FAIL: CONTROL-v4.0.3-8.1.4: blocking residual risk
FAIL: CONTROL-v4.0.3-8.3.3: blocking residual risk
FAIL: CONTROL-v4.0.3-8.3.6: blocking residual risk
FAIL: CONTROL-v4.0.3-8.3.7: blocking residual risk
FAIL: CONTROL-v4.0.3-8.3.8: blocking residual risk
FAIL: CONTROL-v4.0.3-9.2.1: blocking residual risk
FAIL: CONTROL-v4.0.3-9.2.2: blocking residual risk
FAIL: CONTROL-v4.0.3-9.2.3: blocking residual risk
FAIL: CONTROL-v4.0.3-11.1.7: blocking residual risk
FAIL: CONTROL-v4.0.3-11.1.8: blocking residual risk
FAIL: CONTROL-v4.0.3-12.4.2: blocking residual risk
FAIL: CONTROL-v4.0.3-13.1.3: blocking residual risk
FAIL: CONTROL-v4.0.3-14.2.6: blocking residual risk
FAIL: CONTROL-v5.0.0-1.3.6: blocking residual risk
FAIL: CONTROL-v5.0.0-3.4.1: blocking residual risk
FAIL: CONTROL-v5.0.0-3.4.4: blocking residual risk
FAIL: CONTROL-v5.0.0-3.4.6: blocking residual risk
FAIL: CONTROL-v5.0.0-5.2.2: blocking residual risk
FAIL: CONTROL-v5.0.0-5.2.4: blocking residual risk
FAIL: CONTROL-v5.0.0-5.4.3: blocking residual risk
FAIL: CONTROL-v5.0.0-6.1.2: blocking residual risk
FAIL: CONTROL-v5.0.0-6.2.11: blocking residual risk
FAIL: CONTROL-v5.0.0-6.3.3: blocking residual risk
FAIL: CONTROL-v5.0.0-6.4.3: blocking residual risk
FAIL: CONTROL-v5.0.0-7.1.2: blocking residual risk
FAIL: CONTROL-v5.0.0-7.3.1: blocking residual risk
FAIL: CONTROL-v5.0.0-7.5.3: blocking residual risk
FAIL: CONTROL-v5.0.0-8.3.2: blocking residual risk
FAIL: CONTROL-v5.0.0-11.1.1: blocking residual risk
FAIL: CONTROL-v5.0.0-12.3.1: blocking residual risk
FAIL: CONTROL-v5.0.0-12.3.3: blocking residual risk
FAIL: CONTROL-v5.0.0-12.3.4: blocking residual risk
FAIL: CONTROL-v5.0.0-13.2.1: blocking residual risk
FAIL: CONTROL-v5.0.0-13.2.5: blocking residual risk
FAIL: CONTROL-v5.0.0-13.3.1: blocking residual risk
FAIL: CONTROL-v5.0.0-14.2.1: blocking residual risk
FAIL: CONTROL-v5.0.0-14.2.8: blocking residual risk
FAIL: CONTROL-v5.0.0-14.3.1: blocking residual risk
FAIL: CONTROL-v5.0.0-16.2.2: blocking residual risk
FAIL: CONTROL-v5.0.0-16.2.5: blocking residual risk
FAIL: CONTROL-v5.0.0-16.4.2: blocking residual risk
FAIL: CONTROL-v5.0.0-16.4.3: blocking residual risk
FAIL: semgrep: failed
FAIL: codeql-candidate: not run
FAIL: release-image-scan: findings require review
FAIL: candidate-image-scan: findings require review
FAIL: published-release-execution: not run: AMD64 image on ARM64 host
